======================================================================
SlideSparse vLLM Throughput Benchmark Log
Created: 2026-01-26 03:23:54
======================================================================

原始命令:
  /root/vllmbench/slidesparse/tools/throughput_benchmark.py --model qwen2.5-7b-int8 --stage decode --backend cusparselt --M 512 --gpu-mem 0.8 --gpu-id 1 --sparsity 2_10

命令行参数:
  --model: qwen2.5-7b-int8
  --backend: cusparselt
  --sparsity: 2_10
  --stage: decode
  --M: 512
  --N: None
  --inner-32: False
  --eager: False
  --gpu-id: 1
  --gpu-mem: 0.8
  --dry-run: False
  --list-models: False

硬件信息:
  GPU: RTX5080
  Compute Capability: cc120
  VRAM: 15.5 GB
  CUDA: 12.9
  Python: py312

Backend 环境变量 (初始状态):
  DISABLE_SLIDESPARSE: 未设置
  USE_CUBLASLT: 未设置
  USE_CUSPARSELT: 未设置
  SPARSITY: 未设置
  INNER_DTYPE_32: 未设置

======================================================================


============================================================
  Qwen2.5-7B-INT8 | cuSPARSELt (2_10) | decode
============================================================

[INFO] Checkpoint: /root/vllmbench/checkpoints_slidesparse/Qwen2.5-7B-INT8-SlideSparse-2_10
[INFO] Output: /root/vllmbench/slidesparse/tools/throughput_benchmark_results/decode/RTX5080_cc120_INT8_py312_cu129_x86_64/cusparselt/2_10

============================================================
[1/1] 测试 M=512
============================================================

┌─────────────────────────────────────────────────────────────┐
│                    测试参数                                  │
├─────────────────────────────────────────────────────────────┤
│ 模型:     Qwen2.5-7B-INT8                                 │
│ Backend:  cuSPARSELt (2:10)                               │
│ 阶段:     decode                                          │
├─────────────────────────────────────────────────────────────┤
│ GEMM M 维度 (精确控制):
│   目标 M        = 512
│   M_prefill     = 8192 (= 512 x 16)
│   M_decode      = 512
│   batched_tokens = 512 (控制 M 的关键参数)
├─────────────────────────────────────────────────────────────┤
│ vLLM 参数:
│   --input-len              = 16
│   --output-len             = 256
│   --num-prompts            = 512
│   --max-num-seqs           = 512
│   --max-model-len          = 272
│   --max-num-batched-tokens = 512
│   --no-enable-chunked-prefill
├─────────────────────────────────────────────────────────────┤
│ 迭代次数:
│   N_prefill = 1
│   N_decode  = 256
└─────────────────────────────────────────────────────────────┘

[INFO] 开始测试...

─── STDOUT ───
When dataset path is not set, it will default to random dataset
WARNING 01-26 03:23:58 [arg_utils.py:1869] This model does not officially support disabling chunked prefill. Disabling this manually may cause the engine to crash or produce incorrect outputs.
(EngineCore_DP0 pid=916656) [INFO] Loading compress extension: cusparselt_compress_RTX5080_cc120_py312_cu129_x86_64.so
(EngineCore_DP0 pid=916656) WARNING 01-26 03:24:10 [backends.py:609] Failed to read file <frozen os>
(EngineCore_DP0 pid=916656) ERROR 01-26 03:24:17 [core.py:866] EngineCore failed to start.
(EngineCore_DP0 pid=916656) ERROR 01-26 03:24:17 [core.py:866] Traceback (most recent call last):
(EngineCore_DP0 pid=916656) ERROR 01-26 03:24:17 [core.py:866]   File "/root/vllmbench/vllm/v1/worker/gpu_model_runner.py", line 4302, in _dummy_sampler_run
(EngineCore_DP0 pid=916656) ERROR 01-26 03:24:17 [core.py:866]     sampler_output = self.sampler(
(EngineCore_DP0 pid=916656) ERROR 01-26 03:24:17 [core.py:866]                      ^^^^^^^^^^^^^
(EngineCore_DP0 pid=916656) ERROR 01-26 03:24:17 [core.py:866]   File "/usr/local/lib/python3.12/dist-packages/torch/nn/modules/module.py", line 1775, in _wrapped_call_impl
(EngineCore_DP0 pid=916656) ERROR 01-26 03:24:17 [core.py:866]     return self._call_impl(*args, **kwargs)
(EngineCore_DP0 pid=916656) ERROR 01-26 03:24:17 [core.py:866]            ^^^^^^^^^^^^^^^^^^^^^^^^^^^^^^^^
(EngineCore_DP0 pid=916656) ERROR 01-26 03:24:17 [core.py:866]   File "/usr/local/lib/python3.12/dist-packages/torch/nn/modules/module.py", line 1786, in _call_impl
(EngineCore_DP0 pid=916656) ERROR 01-26 03:24:17 [core.py:866]     return forward_call(*args, **kwargs)
(EngineCore_DP0 pid=916656) ERROR 01-26 03:24:17 [core.py:866]            ^^^^^^^^^^^^^^^^^^^^^^^^^^^^^
(EngineCore_DP0 pid=916656) ERROR 01-26 03:24:17 [core.py:866]   File "/root/vllmbench/vllm/v1/sample/sampler.py", line 96, in forward
(EngineCore_DP0 pid=916656) ERROR 01-26 03:24:17 [core.py:866]     sampled, processed_logprobs = self.sample(logits, sampling_metadata)
(EngineCore_DP0 pid=916656) ERROR 01-26 03:24:17 [core.py:866]                                   ^^^^^^^^^^^^^^^^^^^^^^^^^^^^^^^^^^^^^^
(EngineCore_DP0 pid=916656) ERROR 01-26 03:24:17 [core.py:866]   File "/root/vllmbench/vllm/v1/sample/sampler.py", line 187, in sample
(EngineCore_DP0 pid=916656) ERROR 01-26 03:24:17 [core.py:866]     random_sampled, processed_logprobs = self.topk_topp_sampler(
(EngineCore_DP0 pid=916656) ERROR 01-26 03:24:17 [core.py:866]                                          ^^^^^^^^^^^^^^^^^^^^^^^
(EngineCore_DP0 pid=916656) ERROR 01-26 03:24:17 [core.py:866]   File "/usr/local/lib/python3.12/dist-packages/torch/nn/modules/module.py", line 1775, in _wrapped_call_impl
(EngineCore_DP0 pid=916656) ERROR 01-26 03:24:17 [core.py:866]     return self._call_impl(*args, **kwargs)
(EngineCore_DP0 pid=916656) ERROR 01-26 03:24:17 [core.py:866]            ^^^^^^^^^^^^^^^^^^^^^^^^^^^^^^^^
(EngineCore_DP0 pid=916656) ERROR 01-26 03:24:17 [core.py:866]   File "/usr/local/lib/python3.12/dist-packages/torch/nn/modules/module.py", line 1786, in _call_impl
(EngineCore_DP0 pid=916656) ERROR 01-26 03:24:17 [core.py:866]     return forward_call(*args, **kwargs)
(EngineCore_DP0 pid=916656) ERROR 01-26 03:24:17 [core.py:866]            ^^^^^^^^^^^^^^^^^^^^^^^^^^^^^
(EngineCore_DP0 pid=916656) ERROR 01-26 03:24:17 [core.py:866]   File "/root/vllmbench/vllm/v1/sample/ops/topk_topp_sampler.py", line 104, in forward_native
(EngineCore_DP0 pid=916656) ERROR 01-26 03:24:17 [core.py:866]     logits = self.apply_top_k_top_p(logits, k, p)
(EngineCore_DP0 pid=916656) ERROR 01-26 03:24:17 [core.py:866]              ^^^^^^^^^^^^^^^^^^^^^^^^^^^^^^^^^^^^
(EngineCore_DP0 pid=916656) ERROR 01-26 03:24:17 [core.py:866]   File "/root/vllmbench/vllm/v1/sample/ops/topk_topp_sampler.py", line 258, in apply_top_k_top_p
(EngineCore_DP0 pid=916656) ERROR 01-26 03:24:17 [core.py:866]     logits_sort, logits_idx = logits.sort(dim=-1, descending=False)
(EngineCore_DP0 pid=916656) ERROR 01-26 03:24:17 [core.py:866]                               ^^^^^^^^^^^^^^^^^^^^^^^^^^^^^^^^^^^^^
(EngineCore_DP0 pid=916656) ERROR 01-26 03:24:17 [core.py:866] torch.OutOfMemoryError: CUDA out of memory. Tried to allocate 892.00 MiB. GPU 0 has a total capacity of 15.47 GiB of which 790.94 MiB is free. Including non-PyTorch memory, this process has 14.67 GiB memory in use. Of the allocated memory 11.57 GiB is allocated by PyTorch, with 142.00 MiB allocated in private pools (e.g., CUDA Graphs), and 2.36 GiB is reserved by PyTorch but unallocated. If reserved but unallocated memory is large try setting PYTORCH_CUDA_ALLOC_CONF=expandable_segments:True to avoid fragmentation.  See documentation for Memory Management  (https://pytorch.org/docs/stable/notes/cuda.html#environment-variables)
(EngineCore_DP0 pid=916656) ERROR 01-26 03:24:17 [core.py:866] 
(EngineCore_DP0 pid=916656) ERROR 01-26 03:24:17 [core.py:866] The above exception was the direct cause of the following exception:
(EngineCore_DP0 pid=916656) ERROR 01-26 03:24:17 [core.py:866] 
(EngineCore_DP0 pid=916656) ERROR 01-26 03:24:17 [core.py:866] Traceback (most recent call last):
(EngineCore_DP0 pid=916656) ERROR 01-26 03:24:17 [core.py:866]   File "/root/vllmbench/vllm/v1/engine/core.py", line 857, in run_engine_core
(EngineCore_DP0 pid=916656) ERROR 01-26 03:24:17 [core.py:866]     engine_core = EngineCoreProc(*args, **kwargs)
(EngineCore_DP0 pid=916656) ERROR 01-26 03:24:17 [core.py:866]                   ^^^^^^^^^^^^^^^^^^^^^^^^^^^^^^^
(EngineCore_DP0 pid=916656) ERROR 01-26 03:24:17 [core.py:866]   File "/root/vllmbench/vllm/v1/engine/core.py", line 637, in __init__
(EngineCore_DP0 pid=916656) ERROR 01-26 03:24:17 [core.py:866]     super().__init__(
(EngineCore_DP0 pid=916656) ERROR 01-26 03:24:17 [core.py:866]   File "/root/vllmbench/vllm/v1/engine/core.py", line 109, in __init__
(EngineCore_DP0 pid=916656) ERROR 01-26 03:24:17 [core.py:866]     num_gpu_blocks, num_cpu_blocks, kv_cache_config = self._initialize_kv_caches(
(EngineCore_DP0 pid=916656) ERROR 01-26 03:24:17 [core.py:866]                                                       ^^^^^^^^^^^^^^^^^^^^^^^^^^^
(EngineCore_DP0 pid=916656) ERROR 01-26 03:24:17 [core.py:866]   File "/root/vllmbench/vllm/v1/engine/core.py", line 256, in _initialize_kv_caches
(EngineCore_DP0 pid=916656) ERROR 01-26 03:24:17 [core.py:866]     self.model_executor.initialize_from_config(kv_cache_configs)
(EngineCore_DP0 pid=916656) ERROR 01-26 03:24:17 [core.py:866]   File "/root/vllmbench/vllm/v1/executor/abstract.py", line 116, in initialize_from_config
(EngineCore_DP0 pid=916656) ERROR 01-26 03:24:17 [core.py:866]     self.collective_rpc("compile_or_warm_up_model")
(EngineCore_DP0 pid=916656) ERROR 01-26 03:24:17 [core.py:866]   File "/root/vllmbench/vllm/v1/executor/uniproc_executor.py", line 75, in collective_rpc
(EngineCore_DP0 pid=916656) ERROR 01-26 03:24:17 [core.py:866]     result = run_method(self.driver_worker, method, args, kwargs)
(EngineCore_DP0 pid=916656) ERROR 01-26 03:24:17 [core.py:866]              ^^^^^^^^^^^^^^^^^^^^^^^^^^^^^^^^^^^^^^^^^^^^^^^^^^^^
(EngineCore_DP0 pid=916656) ERROR 01-26 03:24:17 [core.py:866]   File "/root/vllmbench/vllm/v1/serial_utils.py", line 461, in run_method
(EngineCore_DP0 pid=916656) ERROR 01-26 03:24:17 [core.py:866]     return func(*args, **kwargs)
(EngineCore_DP0 pid=916656) ERROR 01-26 03:24:17 [core.py:866]            ^^^^^^^^^^^^^^^^^^^^^
(EngineCore_DP0 pid=916656) ERROR 01-26 03:24:17 [core.py:866]   File "/root/vllmbench/vllm/v1/worker/gpu_worker.py", line 538, in compile_or_warm_up_model
(EngineCore_DP0 pid=916656) ERROR 01-26 03:24:17 [core.py:866]     self.model_runner._dummy_sampler_run(hidden_states=last_hidden_states)
(EngineCore_DP0 pid=916656) ERROR 01-26 03:24:17 [core.py:866]   File "/usr/local/lib/python3.12/dist-packages/torch/utils/_contextlib.py", line 120, in decorate_context
(EngineCore_DP0 pid=916656) ERROR 01-26 03:24:17 [core.py:866]     return func(*args, **kwargs)
(EngineCore_DP0 pid=916656) ERROR 01-26 03:24:17 [core.py:866]            ^^^^^^^^^^^^^^^^^^^^^
(EngineCore_DP0 pid=916656) ERROR 01-26 03:24:17 [core.py:866]   File "/root/vllmbench/vllm/v1/worker/gpu_model_runner.py", line 4307, in _dummy_sampler_run
(EngineCore_DP0 pid=916656) ERROR 01-26 03:24:17 [core.py:866]     raise RuntimeError(
(EngineCore_DP0 pid=916656) ERROR 01-26 03:24:17 [core.py:866] RuntimeError: CUDA out of memory occurred when warming up sampler with 512 dummy requests. Please try lowering `max_num_seqs` or `gpu_memory_utilization` when initializing the engine.


─── STDERR ───
[2026-01-26 03:23:58] INFO kernels.py:578: Triton kernel custom ops registered
[2026-01-26 03:23:58] INFO kernels.py:627: Optimization enabled: Only preloading kernels for model 'Qwen2.5-7B-INT8'
[2026-01-26 03:23:58] INFO kernels.py:109: Loaded tuned kernel for model: Qwen2.5-7B-INT8
[2026-01-26 03:23:58] INFO kernels.py:155: Dequant+bias kernel loaded for model: Qwen2.5-7B-INT8
[2026-01-26 03:23:58] INFO kernels.py:224: FP8 quant kernel loaded for model: Qwen2.5-7B-INT8
[2026-01-26 03:23:58] INFO kernels.py:348: INT8 quant kernel loaded for model: Qwen2.5-7B-INT8
[2026-01-26 03:23:58] INFO kernels.py:284: FP8 quant+slide kernel loaded for model: Qwen2.5-7B-INT8
[2026-01-26 03:23:58] INFO kernels.py:408: INT8 quant+slide kernel loaded for model: Qwen2.5-7B-INT8
[2026-01-26 03:23:58] INFO gemm_wrapper.py:157: Optimization enabled: Only loading GEMM configs for model 'Qwen2.5-7B-INT8'
[2026-01-26 03:23:58] INFO gemm_wrapper.py:172: Loaded algorithm configs: cuBLASLt=1, cuSPARSELt=1 models
[2026-01-26 03:23:58] INFO gemm_wrapper.py:944: cuBLASLt FP8 custom op registered: slidesparse::cublaslt_fp8_mm
[2026-01-26 03:23:58] INFO gemm_wrapper.py:1009: cuSPARSELt FP8 custom op registered: slidesparse::cusparselt_fp8_mm
[2026-01-26 03:23:58] INFO gemm_wrapper.py:1075: cuBLASLt INT8 custom op registered: slidesparse::cublaslt_int8_mm
[2026-01-26 03:23:58] INFO gemm_wrapper.py:1141: cuSPARSELt INT8 custom op registered: slidesparse::cusparselt_int8_mm
[2026-01-26 03:24:02] INFO kernels.py:578: Triton kernel custom ops registered
[2026-01-26 03:24:02] INFO kernels.py:627: Optimization enabled: Only preloading kernels for model 'Qwen2.5-7B-INT8'
[2026-01-26 03:24:02] INFO kernels.py:109: Loaded tuned kernel for model: Qwen2.5-7B-INT8
[2026-01-26 03:24:02] INFO kernels.py:155: Dequant+bias kernel loaded for model: Qwen2.5-7B-INT8
[2026-01-26 03:24:02] INFO kernels.py:224: FP8 quant kernel loaded for model: Qwen2.5-7B-INT8
[2026-01-26 03:24:02] INFO kernels.py:348: INT8 quant kernel loaded for model: Qwen2.5-7B-INT8
[2026-01-26 03:24:02] INFO kernels.py:284: FP8 quant+slide kernel loaded for model: Qwen2.5-7B-INT8
[2026-01-26 03:24:02] INFO kernels.py:408: INT8 quant+slide kernel loaded for model: Qwen2.5-7B-INT8
[2026-01-26 03:24:02] INFO gemm_wrapper.py:157: Optimization enabled: Only loading GEMM configs for model 'Qwen2.5-7B-INT8'
[2026-01-26 03:24:02] INFO gemm_wrapper.py:172: Loaded algorithm configs: cuBLASLt=1, cuSPARSELt=1 models
[2026-01-26 03:24:02] INFO gemm_wrapper.py:944: cuBLASLt FP8 custom op registered: slidesparse::cublaslt_fp8_mm
[2026-01-26 03:24:02] INFO gemm_wrapper.py:1009: cuSPARSELt FP8 custom op registered: slidesparse::cusparselt_fp8_mm
[2026-01-26 03:24:02] INFO gemm_wrapper.py:1075: cuBLASLt INT8 custom op registered: slidesparse::cublaslt_int8_mm
[2026-01-26 03:24:02] INFO gemm_wrapper.py:1141: cuSPARSELt INT8 custom op registered: slidesparse::cusparselt_int8_mm
(EngineCore_DP0 pid=916656) [2026-01-26 03:24:03] INFO SlideSparseLinearMethod_INT8.py:805: Wrapping CompressedTensorsW8A8Int8 with SlideSparse (cuSPARSELt)
(EngineCore_DP0 pid=916656) [2026-01-26 03:24:03] INFO gemm_wrapper.py:870: cusparselt GEMM extension loaded: cusparselt_gemm_RTX5080_cc120_py312_cu129_x86_64.so
(EngineCore_DP0 pid=916656) [2026-01-26 03:24:03] INFO SlideSparseLinearMethod_INT8.py:452: SlideSparseInt8LinearOp initialized (kernel=cuSPARSELt)
(EngineCore_DP0 pid=916656) [2026-01-26 03:24:03] INFO SlideSparseLinearMethod_INT8.py:604: SlideSparseInt8LinearMethod: cuSPARSELt sparsity=2:10, expand_ratio=1.250
(EngineCore_DP0 pid=916656) [2026-01-26 03:24:03] INFO SlideSparseLinearMethod_INT8.py:621: Preloaded INT8 Triton kernels for model: Qwen2.5-7B-INT8
(EngineCore_DP0 pid=916656) [2026-01-26 03:24:03] INFO SlideSparseLinearMethod_INT8.py:625: SlideSparseInt8LinearMethod initialized, kernel=cuSPARSELt, symmetric=True
(EngineCore_DP0 pid=916656) 
Loading safetensors checkpoint shards:   0% Completed | 0/2 [00:00<?, ?it/s]
(EngineCore_DP0 pid=916656) 
Loading safetensors checkpoint shards:  50% Completed | 1/2 [00:00<00:00,  1.29it/s]
(EngineCore_DP0 pid=916656) 
Loading safetensors checkpoint shards: 100% Completed | 2/2 [00:01<00:00,  1.00it/s]
(EngineCore_DP0 pid=916656) 
Loading safetensors checkpoint shards: 100% Completed | 2/2 [00:01<00:00,  1.04it/s]
(EngineCore_DP0 pid=916656) 
(EngineCore_DP0 pid=916656) [2026-01-26 03:24:05] INFO SlideSparseLinearMethod_INT8.py:719: cuSPARSELt INT8 compression: [4608, 5760] -> 1D uint8
(EngineCore_DP0 pid=916656) [2026-01-26 03:24:05] INFO SlideSparseLinearMethod_INT8.py:729: cuSPARSELt INT8 compression done: 19906560 bytes
(EngineCore_DP0 pid=916656) [2026-01-26 03:24:05] INFO SlideSparseLinearMethod_INT8.py:719: cuSPARSELt INT8 compression: [3584, 5760] -> 1D uint8
(EngineCore_DP0 pid=916656) [2026-01-26 03:24:05] INFO SlideSparseLinearMethod_INT8.py:729: cuSPARSELt INT8 compression done: 15482880 bytes
(EngineCore_DP0 pid=916656) [2026-01-26 03:24:05] INFO SlideSparseLinearMethod_INT8.py:719: cuSPARSELt INT8 compression: [37888, 5760] -> 1D uint8
(EngineCore_DP0 pid=916656) [2026-01-26 03:24:05] INFO SlideSparseLinearMethod_INT8.py:729: cuSPARSELt INT8 compression done: 163676160 bytes
(EngineCore_DP0 pid=916656) [2026-01-26 03:24:05] INFO SlideSparseLinearMethod_INT8.py:719: cuSPARSELt INT8 compression: [3584, 30336] -> 1D uint8
(EngineCore_DP0 pid=916656) [2026-01-26 03:24:05] INFO SlideSparseLinearMethod_INT8.py:729: cuSPARSELt INT8 compression done: 81543168 bytes
(EngineCore_DP0 pid=916656) 2026-01-26 03:24:13,486 - INFO - autotuner.py:256 - flashinfer.jit: [Autotuner]: Autotuning process starts ...
(EngineCore_DP0 pid=916656) 2026-01-26 03:24:13,500 - INFO - autotuner.py:262 - flashinfer.jit: [Autotuner]: Autotuning process ends
(EngineCore_DP0 pid=916656) 
Capturing CUDA graphs (mixed prefill-decode, PIECEWISE):   0%|          | 0/51 [00:00<?, ?it/s]
Capturing CUDA graphs (mixed prefill-decode, PIECEWISE):   6%|▌         | 3/51 [00:00<00:02, 20.67it/s]
Capturing CUDA graphs (mixed prefill-decode, PIECEWISE):  12%|█▏        | 6/51 [00:00<00:02, 20.95it/s]
Capturing CUDA graphs (mixed prefill-decode, PIECEWISE):  18%|█▊        | 9/51 [00:00<00:01, 21.62it/s]
Capturing CUDA graphs (mixed prefill-decode, PIECEWISE):  24%|██▎       | 12/51 [00:00<00:01, 21.85it/s]
Capturing CUDA graphs (mixed prefill-decode, PIECEWISE):  29%|██▉       | 15/51 [00:00<00:01, 22.84it/s]
Capturing CUDA graphs (mixed prefill-decode, PIECEWISE):  35%|███▌      | 18/51 [00:00<00:01, 23.65it/s]
Capturing CUDA graphs (mixed prefill-decode, PIECEWISE):  41%|████      | 21/51 [00:00<00:01, 24.41it/s]
Capturing CUDA graphs (mixed prefill-decode, PIECEWISE):  47%|████▋     | 24/51 [00:01<00:01, 25.57it/s]
Capturing CUDA graphs (mixed prefill-decode, PIECEWISE):  53%|█████▎    | 27/51 [00:01<00:00, 26.00it/s]
Capturing CUDA graphs (mixed prefill-decode, PIECEWISE):  59%|█████▉    | 30/51 [00:01<00:00, 26.80it/s]
Capturing CUDA graphs (mixed prefill-decode, PIECEWISE):  65%|██████▍   | 33/51 [00:01<00:00, 26.10it/s]
Capturing CUDA graphs (mixed prefill-decode, PIECEWISE):  71%|███████   | 36/51 [00:01<00:00, 18.75it/s]
Capturing CUDA graphs (mixed prefill-decode, PIECEWISE):  76%|███████▋  | 39/51 [00:01<00:00, 18.77it/s]
Capturing CUDA graphs (mixed prefill-decode, PIECEWISE):  82%|████████▏ | 42/51 [00:01<00:00, 21.13it/s]
Capturing CUDA graphs (mixed prefill-decode, PIECEWISE):  88%|████████▊ | 45/51 [00:01<00:00, 22.98it/s]
Capturing CUDA graphs (mixed prefill-decode, PIECEWISE):  96%|█████████▌| 49/51 [00:02<00:00, 25.21it/s]
Capturing CUDA graphs (mixed prefill-decode, PIECEWISE): 100%|██████████| 51/51 [00:02<00:00, 23.30it/s]
(EngineCore_DP0 pid=916656) 
Capturing CUDA graphs (decode, FULL):   0%|          | 0/51 [00:00<?, ?it/s]
Capturing CUDA graphs (decode, FULL):   2%|▏         | 1/51 [00:00<00:07,  6.84it/s]
Capturing CUDA graphs (decode, FULL):   8%|▊         | 4/51 [00:00<00:02, 15.76it/s]
Capturing CUDA graphs (decode, FULL):  14%|█▎        | 7/51 [00:00<00:02, 19.08it/s]
Capturing CUDA graphs (decode, FULL):  20%|█▉        | 10/51 [00:00<00:01, 20.86it/s]
Capturing CUDA graphs (decode, FULL):  25%|██▌       | 13/51 [00:00<00:01, 22.99it/s]
Capturing CUDA graphs (decode, FULL):  31%|███▏      | 16/51 [00:00<00:01, 24.58it/s]
Capturing CUDA graphs (decode, FULL):  39%|███▉      | 20/51 [00:00<00:01, 26.58it/s]
Capturing CUDA graphs (decode, FULL):  47%|████▋     | 24/51 [00:01<00:00, 27.97it/s]
Capturing CUDA graphs (decode, FULL):  55%|█████▍    | 28/51 [00:01<00:00, 29.10it/s]
Capturing CUDA graphs (decode, FULL):  63%|██████▎   | 32/51 [00:01<00:00, 29.86it/s]
Capturing CUDA graphs (decode, FULL):  71%|███████   | 36/51 [00:01<00:00, 30.78it/s]
Capturing CUDA graphs (decode, FULL):  78%|███████▊  | 40/51 [00:01<00:00, 31.55it/s]
Capturing CUDA graphs (decode, FULL):  86%|████████▋ | 44/51 [00:01<00:00, 30.59it/s]
Capturing CUDA graphs (decode, FULL):  94%|█████████▍| 48/51 [00:01<00:00, 31.22it/s]
Capturing CUDA graphs (decode, FULL): 100%|██████████| 51/51 [00:01<00:00, 27.46it/s]
(EngineCore_DP0 pid=916656) Process EngineCore_DP0:
(EngineCore_DP0 pid=916656) Traceback (most recent call last):
(EngineCore_DP0 pid=916656)   File "/root/vllmbench/vllm/v1/worker/gpu_model_runner.py", line 4302, in _dummy_sampler_run
(EngineCore_DP0 pid=916656)     sampler_output = self.sampler(
(EngineCore_DP0 pid=916656)                      ^^^^^^^^^^^^^
(EngineCore_DP0 pid=916656)   File "/usr/local/lib/python3.12/dist-packages/torch/nn/modules/module.py", line 1775, in _wrapped_call_impl
(EngineCore_DP0 pid=916656)     return self._call_impl(*args, **kwargs)
(EngineCore_DP0 pid=916656)            ^^^^^^^^^^^^^^^^^^^^^^^^^^^^^^^^
(EngineCore_DP0 pid=916656)   File "/usr/local/lib/python3.12/dist-packages/torch/nn/modules/module.py", line 1786, in _call_impl
(EngineCore_DP0 pid=916656)     return forward_call(*args, **kwargs)
(EngineCore_DP0 pid=916656)            ^^^^^^^^^^^^^^^^^^^^^^^^^^^^^
(EngineCore_DP0 pid=916656)   File "/root/vllmbench/vllm/v1/sample/sampler.py", line 96, in forward
(EngineCore_DP0 pid=916656)     sampled, processed_logprobs = self.sample(logits, sampling_metadata)
(EngineCore_DP0 pid=916656)                                   ^^^^^^^^^^^^^^^^^^^^^^^^^^^^^^^^^^^^^^
(EngineCore_DP0 pid=916656)   File "/root/vllmbench/vllm/v1/sample/sampler.py", line 187, in sample
(EngineCore_DP0 pid=916656)     random_sampled, processed_logprobs = self.topk_topp_sampler(
(EngineCore_DP0 pid=916656)                                          ^^^^^^^^^^^^^^^^^^^^^^^
(EngineCore_DP0 pid=916656)   File "/usr/local/lib/python3.12/dist-packages/torch/nn/modules/module.py", line 1775, in _wrapped_call_impl
(EngineCore_DP0 pid=916656)     return self._call_impl(*args, **kwargs)
(EngineCore_DP0 pid=916656)            ^^^^^^^^^^^^^^^^^^^^^^^^^^^^^^^^
(EngineCore_DP0 pid=916656)   File "/usr/local/lib/python3.12/dist-packages/torch/nn/modules/module.py", line 1786, in _call_impl
(EngineCore_DP0 pid=916656)     return forward_call(*args, **kwargs)
(EngineCore_DP0 pid=916656)            ^^^^^^^^^^^^^^^^^^^^^^^^^^^^^
(EngineCore_DP0 pid=916656)   File "/root/vllmbench/vllm/v1/sample/ops/topk_topp_sampler.py", line 104, in forward_native
(EngineCore_DP0 pid=916656)     logits = self.apply_top_k_top_p(logits, k, p)
(EngineCore_DP0 pid=916656)              ^^^^^^^^^^^^^^^^^^^^^^^^^^^^^^^^^^^^
(EngineCore_DP0 pid=916656)   File "/root/vllmbench/vllm/v1/sample/ops/topk_topp_sampler.py", line 258, in apply_top_k_top_p
(EngineCore_DP0 pid=916656)     logits_sort, logits_idx = logits.sort(dim=-1, descending=False)
(EngineCore_DP0 pid=916656)                               ^^^^^^^^^^^^^^^^^^^^^^^^^^^^^^^^^^^^^
(EngineCore_DP0 pid=916656) torch.OutOfMemoryError: CUDA out of memory. Tried to allocate 892.00 MiB. GPU 0 has a total capacity of 15.47 GiB of which 790.94 MiB is free. Including non-PyTorch memory, this process has 14.67 GiB memory in use. Of the allocated memory 11.57 GiB is allocated by PyTorch, with 142.00 MiB allocated in private pools (e.g., CUDA Graphs), and 2.36 GiB is reserved by PyTorch but unallocated. If reserved but unallocated memory is large try setting PYTORCH_CUDA_ALLOC_CONF=expandable_segments:True to avoid fragmentation.  See documentation for Memory Management  (https://pytorch.org/docs/stable/notes/cuda.html#environment-variables)
(EngineCore_DP0 pid=916656) 
(EngineCore_DP0 pid=916656) The above exception was the direct cause of the following exception:
(EngineCore_DP0 pid=916656) 
(EngineCore_DP0 pid=916656) Traceback (most recent call last):
(EngineCore_DP0 pid=916656)   File "/usr/lib/python3.12/multiprocessing/process.py", line 314, in _bootstrap
(EngineCore_DP0 pid=916656)     self.run()
(EngineCore_DP0 pid=916656)   File "/usr/lib/python3.12/multiprocessing/process.py", line 108, in run
(EngineCore_DP0 pid=916656)     self._target(*self._args, **self._kwargs)
(EngineCore_DP0 pid=916656)   File "/root/vllmbench/vllm/v1/engine/core.py", line 870, in run_engine_core
(EngineCore_DP0 pid=916656)     raise e
(EngineCore_DP0 pid=916656)   File "/root/vllmbench/vllm/v1/engine/core.py", line 857, in run_engine_core
(EngineCore_DP0 pid=916656)     engine_core = EngineCoreProc(*args, **kwargs)
(EngineCore_DP0 pid=916656)                   ^^^^^^^^^^^^^^^^^^^^^^^^^^^^^^^
(EngineCore_DP0 pid=916656)   File "/root/vllmbench/vllm/v1/engine/core.py", line 637, in __init__
(EngineCore_DP0 pid=916656)     super().__init__(
(EngineCore_DP0 pid=916656)   File "/root/vllmbench/vllm/v1/engine/core.py", line 109, in __init__
(EngineCore_DP0 pid=916656)     num_gpu_blocks, num_cpu_blocks, kv_cache_config = self._initialize_kv_caches(
(EngineCore_DP0 pid=916656)                                                       ^^^^^^^^^^^^^^^^^^^^^^^^^^^
(EngineCore_DP0 pid=916656)   File "/root/vllmbench/vllm/v1/engine/core.py", line 256, in _initialize_kv_caches
(EngineCore_DP0 pid=916656)     self.model_executor.initialize_from_config(kv_cache_configs)
(EngineCore_DP0 pid=916656)   File "/root/vllmbench/vllm/v1/executor/abstract.py", line 116, in initialize_from_config
(EngineCore_DP0 pid=916656)     self.collective_rpc("compile_or_warm_up_model")
(EngineCore_DP0 pid=916656)   File "/root/vllmbench/vllm/v1/executor/uniproc_executor.py", line 75, in collective_rpc
(EngineCore_DP0 pid=916656)     result = run_method(self.driver_worker, method, args, kwargs)
(EngineCore_DP0 pid=916656)              ^^^^^^^^^^^^^^^^^^^^^^^^^^^^^^^^^^^^^^^^^^^^^^^^^^^^
(EngineCore_DP0 pid=916656)   File "/root/vllmbench/vllm/v1/serial_utils.py", line 461, in run_method
(EngineCore_DP0 pid=916656)     return func(*args, **kwargs)
(EngineCore_DP0 pid=916656)            ^^^^^^^^^^^^^^^^^^^^^
(EngineCore_DP0 pid=916656)   File "/root/vllmbench/vllm/v1/worker/gpu_worker.py", line 538, in compile_or_warm_up_model
(EngineCore_DP0 pid=916656)     self.model_runner._dummy_sampler_run(hidden_states=last_hidden_states)
(EngineCore_DP0 pid=916656)   File "/usr/local/lib/python3.12/dist-packages/torch/utils/_contextlib.py", line 120, in decorate_context
(EngineCore_DP0 pid=916656)     return func(*args, **kwargs)
(EngineCore_DP0 pid=916656)            ^^^^^^^^^^^^^^^^^^^^^
(EngineCore_DP0 pid=916656)   File "/root/vllmbench/vllm/v1/worker/gpu_model_runner.py", line 4307, in _dummy_sampler_run
(EngineCore_DP0 pid=916656)     raise RuntimeError(
(EngineCore_DP0 pid=916656) RuntimeError: CUDA out of memory occurred when warming up sampler with 512 dummy requests. Please try lowering `max_num_seqs` or `gpu_memory_utilization` when initializing the engine.
[rank0]:[W126 03:24:18.188071163 ProcessGroupNCCL.cpp:1524] Warning: WARNING: destroy_process_group() was not called before program exit, which can leak resources. For more info, please see https://pytorch.org/docs/stable/distributed.html#shutdown (function operator())
Traceback (most recent call last):
  File "/usr/local/bin/vllm", line 7, in <module>
    sys.exit(main())
             ^^^^^^
  File "/root/vllmbench/vllm/entrypoints/cli/main.py", line 73, in main
    args.dispatch_function(args)
  File "/root/vllmbench/vllm/entrypoints/cli/benchmark/throughput.py", line 21, in cmd
    main(args)
  File "/root/vllmbench/vllm/benchmarks/throughput.py", line 730, in main
    elapsed_time, request_outputs = run_vllm(
                                    ^^^^^^^^^
  File "/root/vllmbench/vllm/benchmarks/throughput.py", line 51, in run_vllm
    llm = LLM(**dataclasses.asdict(engine_args))
          ^^^^^^^^^^^^^^^^^^^^^^^^^^^^^^^^^^^^^^
  File "/root/vllmbench/vllm/entrypoints/llm.py", line 351, in __init__
    self.llm_engine = LLMEngine.from_engine_args(
                      ^^^^^^^^^^^^^^^^^^^^^^^^^^^
  File "/root/vllmbench/vllm/v1/engine/llm_engine.py", line 183, in from_engine_args
    return cls(
           ^^^^
  File "/root/vllmbench/vllm/v1/engine/llm_engine.py", line 109, in __init__
    self.engine_core = EngineCoreClient.make_client(
                       ^^^^^^^^^^^^^^^^^^^^^^^^^^^^^
  File "/root/vllmbench/vllm/v1/engine/core_client.py", line 93, in make_client
    return SyncMPClient(vllm_config, executor_class, log_stats)
           ^^^^^^^^^^^^^^^^^^^^^^^^^^^^^^^^^^^^^^^^^^^^^^^^^^^^
  File "/root/vllmbench/vllm/v1/engine/core_client.py", line 648, in __init__
    super().__init__(
  File "/root/vllmbench/vllm/v1/engine/core_client.py", line 477, in __init__
    with launch_core_engines(vllm_config, executor_class, log_stats) as (
         ^^^^^^^^^^^^^^^^^^^^^^^^^^^^^^^^^^^^^^^^^^^^^^^^^^^^^^^^^^^
  File "/usr/lib/python3.12/contextlib.py", line 144, in __exit__
    next(self.gen)
  File "/root/vllmbench/vllm/v1/engine/utils.py", line 903, in launch_core_engines
    wait_for_engine_startup(
  File "/root/vllmbench/vllm/v1/engine/utils.py", line 960, in wait_for_engine_startup
    raise RuntimeError(
RuntimeError: Engine core initialization failed. See root cause above. Failed core proc(s): {}

[ERROR] 测试失败: M=512 (exit code: 1)


------------------------------------------------------------
  生成 CSV: Qwen2.5-7B-INT8
------------------------------------------------------------
[SUCCESS] CSV 保存到: /root/vllmbench/slidesparse/tools/throughput_benchmark_results/decode/RTX5080_cc120_INT8_py312_cu129_x86_64/cusparselt/2_10/Qwen2.5-7B-INT8_decode.csv

预览:
------------------------------------------------------------
M_decode,prompt_len,max_num_seqs,num_prompts,N_decode,output_len,requests_per_s,tokens_per_s,elapsed_time_s
512,16,512,512,256,256,-1.0000,-1.0000,-1.0000

------------------------------------------------------------

[INFO] 完成: 0 成功, 1 失败


============================================================
  Benchmark 完成!
============================================================


总计: 0 成功, 1 失败
============================================================
